// Jest Snapshot v1, https://goo.gl/fbAQLP

exports[`renders :nth-child 1`] = `
<html>
  <head>
    <style
      dangerouslySetInnerHTML={
        Object {
          "__html": ".css-10aj6zr,[data-css-10aj6zr] {background: red;}.css-10aj6zr:first-child,[data-css-10aj6zr]:first-child {background: green;}",
        }
      }
    />
  </head>
  <body>
    <div
      data-css-10aj6zr=""
    />
  </body>
</html>
`;
