// Jest Snapshot v1, https://goo.gl/fbAQLP

exports[`renders :first-child 1`] = `
<html>
  <head>
    <style
      dangerouslySetInnerHTML={
        Object {
          "__html": ".css-s9ett3,[data-css-s9ett3] {background: red;}.css-s9ett3:nth-child(odd),[data-css-s9ett3]:nth-child(odd) {background: green;}",
        }
      }
    />
  </head>
  <body>
    <div
      data-css-s9ett3=""
    />
  </body>
</html>
`;
